             :-) GROMACS - gmx mdrun, 2024.2-plumed_2.10.0_dev (-:

Copyright 1991-2024 The GROMACS Authors.
GROMACS is free software; you can redistribute it and/or modify it
under the terms of the GNU Lesser General Public License
as published by the Free Software Foundation; either version 2.1
of the License, or (at your option) any later version.

                         Current GROMACS contributors:
       Mark Abraham           Andrey Alekseenko           Vladimir Basov      
      Cathrine Bergh            Eliane Briand               Ania Brown        
      Mahesh Doijade            Giacomo Fiorin          Stefan Fleischmann    
      Sergey Gorelov         Gilles Gouaillardet            Alan Gray         
     M. Eric Irrgang         Farzaneh Jalalypour            Joe Jordan        
     Carsten Kutzner           Justin A. Lemkul          Magnus Lundborg      
       Pascal Merz              Vedran Miletic            Dmitry Morozov      
       Julien Nabet              Szilard Pall        Andrea Pasquadibisceglie 
    Michele Pellegrino          Hubert Santuz             Roland Schulz       
     Tatiana Shugaeva          Alexey Shvetsov            Philip Turner       
     Alessandra Villa      Sebastian Wingbermuehle  

                         Previous GROMACS contributors:
        Emile Apol             Rossen Apostolov           James Barnett       
        Paul Bauer          Herman J.C. Berendsen          Par Bjelkmar       
      Christian Blau          Viacheslav Bolnykh            Kevin Boyd        
    Aldert van Buuren          Carlo Camilloni           Rudi van Drunen      
      Anton Feenstra           Oliver Fleetwood            Vytas Gapsys       
       Gaurav Garg             Gerrit Groenhof            Bert de Groot       
      Anca Hamuraru           Vincent Hindriksen          Victor Holanda      
     Aleksei Iupinov          Christoph Junghans        Prashanth Kanduri     
   Dimitrios Karkoulis           Peter Kasson             Sebastian Kehl      
     Sebastian Keller             Jiri Kraus               Per Larsson        
      Viveca Lindahl            Erik Marklund           Pieter Meulenhoff     
      Teemu Murtola              Sander Pronk             Michael Shirts      
      Alfons Sijbers            Balint Soproni         David van der Spoel    
      Peter Tieleman            Carsten Uphoff             Jon Vincent        
     Teemu Virolainen         Christian Wennberg           Maarten Wolf       
      Artem Zhmurov       

                  Coordinated by the GROMACS project leaders:
                           Berk Hess and Erik Lindahl

GROMACS:      gmx mdrun, version 2024.2-plumed_2.10.0_dev
Executable:   /home/nstrand/gromacs-2024.2/build/bin/gmx
Data prefix:  /home/nstrand/gromacs-2024.2 (source tree)
Working dir:  /project/dinner/nstrand/aladip
Process ID:   2541082
Command line:
  gmx mdrun -deffnm nvt

GROMACS version:     2024.2-plumed_2.10.0_dev
Precision:           mixed
Memory model:        64 bit
MPI library:         thread_mpi
OpenMP support:      enabled (GMX_OPENMP_MAX_THREADS = 128)
GPU support:         disabled
SIMD instructions:   AVX_512
CPU FFT library:     fftw-3.3.8-sse2-avx-avx2-avx2_128-avx512
GPU FFT library:     none
Multi-GPU FFT:       none
RDTSCP usage:        enabled
TNG support:         enabled
Hwloc support:       disabled
Tracing support:     disabled
C compiler:          /software/gcc-10.2.0-el8-x86_64/bin/gcc GNU 10.2.0
C compiler flags:    -fexcess-precision=fast -funroll-all-loops -march=skylake-avx512 -Wno-missing-field-initializers -O3 -DNDEBUG
C++ compiler:        /software/gcc-10.2.0-el8-x86_64/bin/g++ GNU 10.2.0
C++ compiler flags:  -fexcess-precision=fast -funroll-all-loops -march=skylake-avx512 -Wno-missing-field-initializers -Wno-cast-function-type-strict -fopenmp -O3 -DNDEBUG
BLAS library:        External - detected on the system
LAPACK library:      External - detected on the system


Running on 1 node with total 48 cores, 48 processing units
Hardware detected on host midway3-0253.rcc.local:
  CPU info:
    Vendor: Intel
    Brand:  Intel(R) Xeon(R) Gold 6248R CPU @ 3.00GHz
    Family: 6   Model: 85   Stepping: 7
    Features: aes apic avx avx2 avx512f avx512cd avx512bw avx512vl avx512secondFMA clfsh cmov cx8 cx16 f16c fma htt intel lahf mmx msr nonstop_tsc pcid pclmuldq pdcm pdpe1gb popcnt pse rdrnd rdtscp sse2 sse3 sse4.1 sse4.2 ssse3 tdt x2apic
    Number of AVX-512 FMA units: 2
  Hardware topology: Basic
    Packages, cores, and logical processors:
    [indices refer to OS logical processors]
      Package  0: [   0] [   1] [   2] [   3] [   4] [   5] [   6] [   7] [   8] [   9] [  10] [  11] [  12] [  13] [  14] [  15] [  16] [  17] [  18] [  19] [  20] [  21] [  22] [  23]
      Package  1: [  24] [  25] [  26] [  27] [  28] [  29] [  30] [  31] [  32] [  33] [  34] [  35] [  36] [  37] [  38] [  39] [  40] [  41] [  42] [  43] [  44] [  45] [  46] [  47]
    CPU limit set by OS: -1   Recommended max number of threads: 48


++++ PLEASE READ AND CITE THE FOLLOWING REFERENCE ++++
M. J. Abraham, T. Murtola, R. Schulz, S. Páll, J. C. Smith, B. Hess, E.
Lindahl
GROMACS: High performance molecular simulations through multi-level
parallelism from laptops to supercomputers
SoftwareX 1 (2015) pp. 19-25
-------- -------- --- Thank You --- -------- --------


++++ PLEASE READ AND CITE THE FOLLOWING REFERENCE ++++
S. Páll, M. J. Abraham, C. Kutzner, B. Hess, E. Lindahl
Tackling Exascale Software Challenges in Molecular Dynamics Simulations with
GROMACS
In S. Markidis & E. Laure (Eds.), Solving Software Challenges for Exascale 8759 (2015) pp. 3-27
-------- -------- --- Thank You --- -------- --------


++++ PLEASE READ AND CITE THE FOLLOWING REFERENCE ++++
S. Pronk, S. Páll, R. Schulz, P. Larsson, P. Bjelkmar, R. Apostolov, M. R.
Shirts, J. C. Smith, P. M. Kasson, D. van der Spoel, B. Hess, and E. Lindahl
GROMACS 4.5: a high-throughput and highly parallel open source molecular
simulation toolkit
Bioinformatics 29 (2013) pp. 845-54
-------- -------- --- Thank You --- -------- --------


++++ PLEASE READ AND CITE THE FOLLOWING REFERENCE ++++
B. Hess and C. Kutzner and D. van der Spoel and E. Lindahl
GROMACS 4: Algorithms for highly efficient, load-balanced, and scalable
molecular simulation
J. Chem. Theory Comput. 4 (2008) pp. 435-447
-------- -------- --- Thank You --- -------- --------


++++ PLEASE READ AND CITE THE FOLLOWING REFERENCE ++++
D. van der Spoel, E. Lindahl, B. Hess, G. Groenhof, A. E. Mark and H. J. C.
Berendsen
GROMACS: Fast, Flexible and Free
J. Comp. Chem. 26 (2005) pp. 1701-1719
-------- -------- --- Thank You --- -------- --------


++++ PLEASE READ AND CITE THE FOLLOWING REFERENCE ++++
E. Lindahl and B. Hess and D. van der Spoel
GROMACS 3.0: A package for molecular simulation and trajectory analysis
J. Mol. Mod. 7 (2001) pp. 306-317
-------- -------- --- Thank You --- -------- --------


++++ PLEASE READ AND CITE THE FOLLOWING REFERENCE ++++
H. J. C. Berendsen, D. van der Spoel and R. van Drunen
GROMACS: A message-passing parallel molecular dynamics implementation
Comp. Phys. Comm. 91 (1995) pp. 43-56
-------- -------- --- Thank You --- -------- --------

Input Parameters:
   integrator                     = md
   tinit                          = 0
   dt                             = 0.001
   nsteps                         = 50000
   init-step                      = 0
   simulation-part                = 1
   mts                            = false
   mass-repartition-factor        = 1
   comm-mode                      = Linear
   nstcomm                        = 100
   bd-fric                        = 0
   ld-seed                        = -312091669
   emtol                          = 10
   emstep                         = 0.01
   niter                          = 20
   fcstep                         = 0
   nstcgsteep                     = 1000
   nbfgscorr                      = 10
   rtpi                           = 0.05
   nstxout                        = 500
   nstvout                        = 500
   nstfout                        = 0
   nstlog                         = 500
   nstcalcenergy                  = 100
   nstenergy                      = 500
   nstxout-compressed             = 0
   compressed-x-precision         = 1000
   cutoff-scheme                  = Verlet
   nstlist                        = 10
   pbc                            = xyz
   periodic-molecules             = false
   verlet-buffer-tolerance        = 0.005
   verlet-buffer-pressure-tolerance = 0.5
   rlist                          = 1.027
   coulombtype                    = Cut-off
   coulomb-modifier               = Potential-shift
   rcoulomb-switch                = 0
   rcoulomb                       = 1
   epsilon-r                      = 1
   epsilon-rf                     = inf
   vdw-type                       = Cut-off
   vdw-modifier                   = Potential-shift
   rvdw-switch                    = 0
   rvdw                           = 1
   DispCorr                       = No
   table-extension                = 1
   fourierspacing                 = 0.16
   fourier-nx                     = 0
   fourier-ny                     = 0
   fourier-nz                     = 0
   pme-order                      = 4
   ewald-rtol                     = 1e-05
   ewald-rtol-lj                  = 0.001
   lj-pme-comb-rule               = Geometric
   ewald-geometry                 = 3d
   epsilon-surface                = 0
   ensemble-temperature-setting   = constant
   ensemble-temperature           = 300
   tcoupl                         = V-rescale
   nsttcouple                     = 20
   nh-chain-length                = 0
   print-nose-hoover-chain-variables = false
   pcoupl                         = No
   refcoord-scaling               = No
   posres-com (3):
      posres-com[0]= 0.00000e+00
      posres-com[1]= 0.00000e+00
      posres-com[2]= 0.00000e+00
   posres-comB (3):
      posres-comB[0]= 0.00000e+00
      posres-comB[1]= 0.00000e+00
      posres-comB[2]= 0.00000e+00
   QMMM                           = false
qm-opts:
   ngQM                           = 0
   constraint-algorithm           = Lincs
   continuation                   = false
   Shake-SOR                      = false
   shake-tol                      = 0.0001
   lincs-order                    = 4
   lincs-iter                     = 2
   lincs-warnangle                = 30
   nwall                          = 0
   wall-type                      = 9-3
   wall-r-linpot                  = -1
   wall-atomtype[0]               = -1
   wall-atomtype[1]               = -1
   wall-density[0]                = 0
   wall-density[1]                = 0
   wall-ewald-zfac                = 3
   pull                           = false
   awh                            = false
   rotation                       = false
   interactiveMD                  = false
   disre                          = No
   disre-weighting                = Conservative
   disre-mixed                    = false
   dr-fc                          = 1000
   dr-tau                         = 0
   nstdisreout                    = 100
   orire-fc                       = 0
   orire-tau                      = 0
   nstorireout                    = 100
   free-energy                    = no
   cos-acceleration               = 0
   deform (3x3):
      deform[    0]={ 0.00000e+00,  0.00000e+00,  0.00000e+00}
      deform[    1]={ 0.00000e+00,  0.00000e+00,  0.00000e+00}
      deform[    2]={ 0.00000e+00,  0.00000e+00,  0.00000e+00}
   simulated-tempering            = false
   swapcoords                     = no
   userint1                       = 0
   userint2                       = 0
   userint3                       = 0
   userint4                       = 0
   userreal1                      = 0
   userreal2                      = 0
   userreal3                      = 0
   userreal4                      = 0
   applied-forces:
     electric-field:
       x:
         E0                       = 0
         omega                    = 0
         t0                       = 0
         sigma                    = 0
       y:
         E0                       = 0
         omega                    = 0
         t0                       = 0
         sigma                    = 0
       z:
         E0                       = 0
         omega                    = 0
         t0                       = 0
         sigma                    = 0
     density-guided-simulation:
       active                     = false
       group                      = protein
       similarity-measure         = inner-product
       atom-spreading-weight      = unity
       force-constant             = 1e+09
       gaussian-transform-spreading-width = 0.2
       gaussian-transform-spreading-range-in-multiples-of-width = 4
       reference-density-filename = reference.mrc
       nst                        = 1
       normalize-densities        = true
       adaptive-force-scaling     = false
       adaptive-force-scaling-time-constant = 4
       shift-vector               = 
       transformation-matrix      = 
     qmmm-cp2k:
       active                     = false
       qmgroup                    = System
       qmmethod                   = PBE
       qmfilenames                = 
       qmcharge                   = 0
       qmmultiplicity             = 1
     colvars:
       active                     = false
       configfile                 = 
       seed                       = -1
grpopts:
   nrdf:          51
   ref-t:         300
   tau-t:         0.1
annealing:          No
annealing-npoints:           0
   acc:	           0           0           0
   nfreeze:           N           N           N
   energygrp-flags[  0]: 0

Changing nstlist from 10 to 40, rlist from 1.027 to 1.151

When checking whether update groups are usable:
  Domain decomposition is not active, so there is no need for update groups
Using 1 MPI thread
Using 16 OpenMP threads 

System total charge: -0.000
Potential shift: LJ r^-12: -1.000e+00 r^-6: -1.000e+00, Coulomb -1e+00
Generated table with 1075 data points for 1-4 COUL.
Tabscale = 500 points/nm
Generated table with 1075 data points for 1-4 LJ6.
Tabscale = 500 points/nm
Generated table with 1075 data points for 1-4 LJ12.
Tabscale = 500 points/nm


Using SIMD2xMM 4x8 nonbonded short-range kernels

Using a dual 4x8 pair-list setup updated with dynamic pruning:
  outer list: updated every 40 steps, buffer 0.151 nm, rlist 1.151 nm
  inner list: updated every  5 steps, buffer 0.010 nm, rlist 1.010 nm
At tolerance 0.005 kJ/mol/ps per atom, equivalent classical 1x1 list would be:
  outer list: updated every 40 steps, buffer 0.199 nm, rlist 1.199 nm
  inner list: updated every  5 steps, buffer 0.015 nm, rlist 1.015 nm

The average pressure is off by at most 0.00 bar due to missing LJ interactions

Using Lorentz-Berthelot Lennard-Jones combination rule
Removing pbc first time

Pinning threads with an auto-selected logical cpu stride of 1

Initializing LINear Constraint Solver

++++ PLEASE READ AND CITE THE FOLLOWING REFERENCE ++++
B. Hess and H. Bekker and H. J. C. Berendsen and J. G. E. M. Fraaije
LINCS: A Linear Constraint Solver for molecular simulations
J. Comp. Chem. 18 (1997) pp. 1463-1472
-------- -------- --- Thank You --- -------- --------

The number of constraints is 12

++++ PLEASE READ AND CITE THE FOLLOWING REFERENCE ++++
G. Bussi, D. Donadio and M. Parrinello
Canonical sampling through velocity rescaling
J. Chem. Phys. 126 (2007) pp. 014101
-------- -------- --- Thank You --- -------- --------

There are: 22 Atoms

Constraining the starting coordinates (step 0)

Constraining the coordinates at t0-dt (step 0)
Center of mass motion removal mode is Linear
We have the following groups for center of mass motion removal:
  0:  rest
RMS relative constraint deviation after constraining: 1.24e-06
Initial temperature: 331.57 K

Started mdrun on rank 0 Tue Jul 16 19:09:24 2024

           Step           Time
              0        0.00000

   Energies (kJ/mol)
           Bond          Angle    Proper Dih. Per. Imp. Dih.          LJ-14
    2.47861e+00    5.32211e+00    4.54211e+01    2.50068e-01    1.26082e+01
     Coulomb-14        LJ (SR)   Coulomb (SR) Position Rest.      Potential
    1.91048e+02   -2.06846e+00   -3.42066e+02    5.07600e-06   -8.70059e+01
    Kinetic En.   Total Energy  Conserved En.    Temperature Pressure (bar)
    7.00313e+01   -1.69746e+01   -1.69746e+01    3.30307e+02    3.06980e-01
   Constr. rmsd
    1.70872e-06

           Step           Time
            500        0.50000

   Energies (kJ/mol)
           Bond          Angle    Proper Dih. Per. Imp. Dih.          LJ-14
    1.12872e+01    2.31144e+01    5.46429e+01    5.12632e+00    1.08073e+01
     Coulomb-14        LJ (SR)   Coulomb (SR) Position Rest.      Potential
    1.94003e+02    2.39135e+00   -3.44961e+02    6.94272e-01   -4.28948e+01
    Kinetic En.   Total Energy  Conserved En.    Temperature Pressure (bar)
    8.33026e+01    4.04078e+01   -1.59569e+01    3.92902e+02   -7.75990e-01
   Constr. rmsd
    1.58140e-06

           Step           Time
           1000        1.00000

   Energies (kJ/mol)
           Bond          Angle    Proper Dih. Per. Imp. Dih.          LJ-14
    6.55499e+00    4.47084e+01    4.63777e+01    2.50021e+00    1.34088e+01
     Coulomb-14        LJ (SR)   Coulomb (SR) Position Rest.      Potential
    1.83064e+02   -6.77576e-01   -3.41846e+02    3.99471e-01   -4.55100e+01
    Kinetic En.   Total Energy  Conserved En.    Temperature Pressure (bar)
    5.73964e+01    1.18865e+01   -1.67355e+01    2.70714e+02    1.36139e+00
   Constr. rmsd
    1.42958e-06

           Step           Time
           1500        1.50000

   Energies (kJ/mol)
           Bond          Angle    Proper Dih. Per. Imp. Dih.          LJ-14
    3.49992e+01    2.72991e+01    4.99982e+01    1.27921e+00    9.28208e+00
     Coulomb-14        LJ (SR)   Coulomb (SR) Position Rest.      Potential
    1.76112e+02    1.85485e+00   -3.35170e+02    5.30616e-01   -3.38147e+01
    Kinetic En.   Total Energy  Conserved En.    Temperature Pressure (bar)
    7.64080e+01    4.25933e+01   -1.66248e+01    3.60383e+02   -2.23990e+00
   Constr. rmsd
    1.56965e-06

           Step           Time
           2000        2.00000

   Energies (kJ/mol)
           Bond          Angle    Proper Dih. Per. Imp. Dih.          LJ-14
    2.39508e+01    3.02554e+01    5.10779e+01    2.34194e+00    1.23643e+01
     Coulomb-14        LJ (SR)   Coulomb (SR) Position Rest.      Potential
    1.88592e+02   -2.76073e+00   -3.37320e+02    9.70528e-01   -3.05279e+01
    Kinetic En.   Total Energy  Conserved En.    Temperature Pressure (bar)
    6.87137e+01    3.81858e+01   -1.65764e+01    3.24092e+02    1.08076e+00
   Constr. rmsd
    1.72956e-06

           Step           Time
           2500        2.50000

   Energies (kJ/mol)
           Bond          Angle    Proper Dih. Per. Imp. Dih.          LJ-14
    6.64737e+00    2.54335e+01    5.16462e+01    3.22380e+00    1.40300e+01
     Coulomb-14        LJ (SR)   Coulomb (SR) Position Rest.      Potential
    1.94009e+02    1.76364e+00   -3.46713e+02    1.07172e+00   -4.88881e+01
    Kinetic En.   Total Energy  Conserved En.    Temperature Pressure (bar)
    6.24754e+01    1.35873e+01   -1.77505e+01    2.94669e+02   -2.41055e-01
   Constr. rmsd
    1.34848e-06

           Step           Time
           3000        3.00000

   Energies (kJ/mol)
           Bond          Angle    Proper Dih. Per. Imp. Dih.          LJ-14
    1.94905e+01    2.40249e+01    5.14493e+01    1.09058e+00    1.63895e+01
     Coulomb-14        LJ (SR)   Coulomb (SR) Position Rest.      Potential
    2.00065e+02   -5.81248e+00   -3.43298e+02    1.38518e+00   -3.52155e+01
    Kinetic En.   Total Energy  Conserved En.    Temperature Pressure (bar)
    9.18186e+01    5.66031e+01   -1.74694e+01    4.33068e+02    1.45266e+00
   Constr. rmsd
    1.28046e-06

           Step           Time
           3500        3.50000

   Energies (kJ/mol)
           Bond          Angle    Proper Dih. Per. Imp. Dih.          LJ-14
    1.70317e+01    3.13076e+01    4.83228e+01    6.61578e+00    1.18205e+01
     Coulomb-14        LJ (SR)   Coulomb (SR) Position Rest.      Potential
    1.92749e+02   -5.00031e+00   -3.31225e+02    1.13640e+00   -2.72409e+01
    Kinetic En.   Total Energy  Conserved En.    Temperature Pressure (bar)
    6.63128e+01    3.90718e+01   -1.66915e+01    3.12768e+02   -3.40757e+00
   Constr. rmsd
    1.27872e-06

           Step           Time
           4000        4.00000

   Energies (kJ/mol)
           Bond          Angle    Proper Dih. Per. Imp. Dih.          LJ-14
    1.19420e+01    3.77255e+01    4.74879e+01    4.72639e+00    1.95457e+01
     Coulomb-14        LJ (SR)   Coulomb (SR) Position Rest.      Potential
    1.97385e+02    1.01129e+00   -3.40366e+02    1.07773e+00   -1.94651e+01
    Kinetic En.   Total Energy  Conserved En.    Temperature Pressure (bar)
    4.98971e+01    3.04320e+01   -1.53606e+01    2.35343e+02    3.16374e+00
   Constr. rmsd
    8.45392e-07

           Step           Time
           4500        4.50000

   Energies (kJ/mol)
           Bond          Angle    Proper Dih. Per. Imp. Dih.          LJ-14
    9.23977e+00    2.73488e+01    4.58288e+01    3.44424e+00    1.65550e+01
     Coulomb-14        LJ (SR)   Coulomb (SR) Position Rest.      Potential
    2.02313e+02   -1.93408e+00   -3.42661e+02    1.04441e+00   -3.88209e+01
    Kinetic En.   Total Energy  Conserved En.    Temperature Pressure (bar)
    6.26073e+01    2.37864e+01   -1.63412e+01    2.95291e+02    1.81696e-01
   Constr. rmsd
    9.41175e-07

           Step           Time
           5000        5.00000

   Energies (kJ/mol)
           Bond          Angle    Proper Dih. Per. Imp. Dih.          LJ-14
    1.44642e+01    4.35713e+01    4.67286e+01    2.48100e+00    1.48817e+01
     Coulomb-14        LJ (SR)   Coulomb (SR) Position Rest.      Potential
    1.83241e+02   -3.85620e+00   -3.30856e+02    7.63277e-01   -2.85809e+01
    Kinetic En.   Total Energy  Conserved En.    Temperature Pressure (bar)
    6.15670e+01    3.29861e+01   -1.66693e+01    2.90385e+02    8.57589e-01
   Constr. rmsd
    1.13692e-06

           Step           Time
           5500        5.50000

   Energies (kJ/mol)
           Bond          Angle    Proper Dih. Per. Imp. Dih.          LJ-14
    1.52408e+01    4.33755e+01    5.23540e+01    3.79663e+00    1.25710e+01
     Coulomb-14        LJ (SR)   Coulomb (SR) Position Rest.      Potential
    1.78210e+02   -2.75381e+00   -3.31980e+02    1.62442e+00   -2.75612e+01
    Kinetic En.   Total Energy  Conserved En.    Temperature Pressure (bar)
    6.84328e+01    4.08715e+01   -1.69655e+01    3.22768e+02   -3.06830e-01
   Constr. rmsd
    1.54273e-06

           Step           Time
           6000        6.00000

   Energies (kJ/mol)
           Bond          Angle    Proper Dih. Per. Imp. Dih.          LJ-14
    1.23396e+01    3.13311e+01    5.48107e+01    3.62593e+00    1.85445e+01
     Coulomb-14        LJ (SR)   Coulomb (SR) Position Rest.      Potential
    1.92539e+02    1.72650e+00   -3.49360e+02    2.00093e+00   -3.24415e+01
    Kinetic En.   Total Energy  Conserved En.    Temperature Pressure (bar)
    8.37749e+01    5.13335e+01   -1.78887e+01    3.95130e+02    1.61823e-01
   Constr. rmsd
    1.42668e-06

           Step           Time
           6500        6.50000

   Energies (kJ/mol)
           Bond          Angle    Proper Dih. Per. Imp. Dih.          LJ-14
    7.77591e+00    5.82246e+01    4.05242e+01    2.75058e+00    1.20734e+01
     Coulomb-14        LJ (SR)   Coulomb (SR) Position Rest.      Potential
    1.77769e+02    7.11799e+00   -3.30778e+02    2.15553e+00   -2.23868e+01
    Kinetic En.   Total Energy  Conserved En.    Temperature Pressure (bar)
    8.96193e+01    6.72325e+01   -1.73954e+01    4.22695e+02   -1.08225e-02
   Constr. rmsd
    1.23251e-06

           Step           Time
           7000        7.00000

   Energies (kJ/mol)
           Bond          Angle    Proper Dih. Per. Imp. Dih.          LJ-14
    1.17378e+01    4.57006e+01    4.23983e+01    2.19809e+00    1.54686e+01
     Coulomb-14        LJ (SR)   Coulomb (SR) Position Rest.      Potential
    1.88708e+02   -6.18735e+00   -3.21933e+02    3.41363e+00   -1.84952e+01
    Kinetic En.   Total Energy  Conserved En.    Temperature Pressure (bar)
    7.60743e+01    5.75791e+01   -1.69572e+01    3.58809e+02   -5.09565e-01
   Constr. rmsd
    1.49220e-06

           Step           Time
           7500        7.50000

   Energies (kJ/mol)
           Bond          Angle    Proper Dih. Per. Imp. Dih.          LJ-14
    8.11647e+00    2.67611e+01    4.79139e+01    1.60012e+00    1.65776e+01
     Coulomb-14        LJ (SR)   Coulomb (SR) Position Rest.      Potential
    1.96041e+02   -9.19981e-01   -3.43351e+02    1.92847e+00   -4.53329e+01
    Kinetic En.   Total Energy  Conserved En.    Temperature Pressure (bar)
    5.12061e+01    5.87318e+00   -1.68975e+01    2.41517e+02   -3.50905e-01
   Constr. rmsd
    1.25087e-06

           Step           Time
           8000        8.00000

   Energies (kJ/mol)
           Bond          Angle    Proper Dih. Per. Imp. Dih.          LJ-14
    1.74374e+01    6.50663e+01    5.55037e+01    5.87699e+00    1.16332e+01
     Coulomb-14        LJ (SR)   Coulomb (SR) Position Rest.      Potential
    2.02491e+02   -5.38409e+00   -3.41398e+02    1.04929e+01    2.17196e+01
    Kinetic En.   Total Energy  Conserved En.    Temperature Pressure (bar)
    4.80378e+01    6.97574e+01   -1.65408e+01    2.26573e+02   -6.19910e-01
   Constr. rmsd
    1.24280e-06

           Step           Time
           8500        8.50000

   Energies (kJ/mol)
           Bond          Angle    Proper Dih. Per. Imp. Dih.          LJ-14
    8.74071e+00    4.35470e+01    4.87504e+01    9.97585e-01    1.54171e+01
     Coulomb-14        LJ (SR)   Coulomb (SR) Position Rest.      Potential
    1.89820e+02    4.62367e+00   -3.45757e+02    7.25812e-01   -3.31354e+01
    Kinetic En.   Total Energy  Conserved En.    Temperature Pressure (bar)
    7.26101e+01    3.94747e+01   -1.71216e+01    3.42470e+02    4.47790e-01
   Constr. rmsd
    1.63488e-06

           Step           Time
           9000        9.00000

   Energies (kJ/mol)
           Bond          Angle    Proper Dih. Per. Imp. Dih.          LJ-14
    1.47627e+01    4.38623e+01    4.26919e+01    1.43935e+00    1.56751e+01
     Coulomb-14        LJ (SR)   Coulomb (SR) Position Rest.      Potential
    1.88194e+02   -3.48495e+00   -3.35560e+02    1.03865e+00   -3.13814e+01
    Kinetic En.   Total Energy  Conserved En.    Temperature Pressure (bar)
    5.81849e+01    2.68035e+01   -1.64635e+01    2.74433e+02    1.95277e+00
   Constr. rmsd
    1.42502e-06

           Step           Time
           9500        9.50000

   Energies (kJ/mol)
           Bond          Angle    Proper Dih. Per. Imp. Dih.          LJ-14
    1.01692e+01    4.29995e+01    4.74775e+01    1.49791e+00    1.46766e+01
     Coulomb-14        LJ (SR)   Coulomb (SR) Position Rest.      Potential
    1.87800e+02   -3.61192e+00   -3.32037e+02    2.67051e+00   -2.83583e+01
    Kinetic En.   Total Energy  Conserved En.    Temperature Pressure (bar)
    3.57486e+01    7.39030e+00   -1.58662e+01    1.68610e+02    1.14118e+00
   Constr. rmsd
    1.56502e-06

           Step           Time
          10000       10.00000

   Energies (kJ/mol)
           Bond          Angle    Proper Dih. Per. Imp. Dih.          LJ-14
    1.50800e+01    5.57463e+01    4.41836e+01    5.10399e-01    1.52152e+01
     Coulomb-14        LJ (SR)   Coulomb (SR) Position Rest.      Potential
    2.01356e+02   -3.95271e+00   -3.40242e+02    3.98028e+00   -8.12314e+00
    Kinetic En.   Total Energy  Conserved En.    Temperature Pressure (bar)
    7.56432e+01    6.75200e+01   -1.60201e+01    3.56776e+02    3.85666e+00
   Constr. rmsd
    1.33746e-06

           Step           Time
          10500       10.50000

   Energies (kJ/mol)
           Bond          Angle    Proper Dih. Per. Imp. Dih.          LJ-14
    1.48666e+01    4.70246e+01    5.42733e+01    6.36065e+00    1.53875e+01
     Coulomb-14        LJ (SR)   Coulomb (SR) Position Rest.      Potential
    1.94014e+02   -4.40463e+00   -3.43603e+02    5.24316e+00   -1.08377e+01
    Kinetic En.   Total Energy  Conserved En.    Temperature Pressure (bar)
    9.00136e+01    7.91759e+01   -1.54047e+01    4.24555e+02    8.53529e-01
   Constr. rmsd
    1.27768e-06

           Step           Time
          11000       11.00000

   Energies (kJ/mol)
           Bond          Angle    Proper Dih. Per. Imp. Dih.          LJ-14
    1.90428e+01    4.90420e+01    5.55185e+01    5.55036e+00    1.23770e+01
     Coulomb-14        LJ (SR)   Coulomb (SR) Position Rest.      Potential
    1.95362e+02   -1.10176e+00   -3.42396e+02    7.34481e+00    7.39276e-01
    Kinetic En.   Total Energy  Conserved En.    Temperature Pressure (bar)
    5.14963e+01    5.22356e+01   -1.44285e+01    2.42886e+02   -2.09604e+00
   Constr. rmsd
    1.05956e-06

           Step           Time
          11500       11.50000

   Energies (kJ/mol)
           Bond          Angle    Proper Dih. Per. Imp. Dih.          LJ-14
    4.44025e+00    5.13361e+01    4.73928e+01    3.43844e+00    1.38095e+01
     Coulomb-14        LJ (SR)   Coulomb (SR) Position Rest.      Potential
    1.86516e+02   -6.40636e+00   -3.28438e+02    1.97573e+00   -2.59357e+01
    Kinetic En.   Total Energy  Conserved En.    Temperature Pressure (bar)
    6.79447e+01    4.20090e+01   -1.49112e+01    3.20466e+02    8.82885e-01
   Constr. rmsd
    1.35221e-06

           Step           Time
          12000       12.00000

   Energies (kJ/mol)
           Bond          Angle    Proper Dih. Per. Imp. Dih.          LJ-14
    1.65154e+01    2.67139e+01    4.74258e+01    6.37862e+00    1.50366e+01
     Coulomb-14        LJ (SR)   Coulomb (SR) Position Rest.      Potential
    1.93861e+02    4.92509e+00   -3.45248e+02    2.44018e+00   -3.19511e+01
    Kinetic En.   Total Energy  Conserved En.    Temperature Pressure (bar)
    4.59826e+01    1.40315e+01   -1.45388e+01    2.16880e+02    1.28456e+00
   Constr. rmsd
    1.54819e-06

           Step           Time
          12500       12.50000

   Energies (kJ/mol)
           Bond          Angle    Proper Dih. Per. Imp. Dih.          LJ-14
    1.35684e+01    5.37262e+01    5.41696e+01    9.20212e-01    8.80718e+00
     Coulomb-14        LJ (SR)   Coulomb (SR) Position Rest.      Potential
    1.80426e+02   -4.87968e+00   -3.29010e+02    2.23708e+00   -2.00348e+01
    Kinetic En.   Total Energy  Conserved En.    Temperature Pressure (bar)
    6.64955e+01    4.64606e+01   -1.46224e+01    3.13630e+02   -2.88488e+00
   Constr. rmsd
    8.82571e-07

           Step           Time
          13000       13.00000

   Energies (kJ/mol)
           Bond          Angle    Proper Dih. Per. Imp. Dih.          LJ-14
    1.23499e+01    3.68382e+01    5.77793e+01    1.62773e+00    1.41065e+01
     Coulomb-14        LJ (SR)   Coulomb (SR) Position Rest.      Potential
    2.03522e+02   -1.42232e+00   -3.52100e+02    2.03064e+00   -2.52672e+01
    Kinetic En.   Total Energy  Conserved En.    Temperature Pressure (bar)
    7.52390e+01    4.99717e+01   -1.40385e+01    3.54869e+02   -6.08372e-01
   Constr. rmsd
    1.43526e-06

           Step           Time
          13500       13.50000

   Energies (kJ/mol)
           Bond          Angle    Proper Dih. Per. Imp. Dih.          LJ-14
    9.22061e+00    4.06962e+01    5.30800e+01    1.41822e+00    1.49772e+01
     Coulomb-14        LJ (SR)   Coulomb (SR) Position Rest.      Potential
    2.07091e+02   -3.72234e+00   -3.55431e+02    2.57204e+00   -3.00976e+01
    Kinetic En.   Total Energy  Conserved En.    Temperature Pressure (bar)
    5.84038e+01    2.83061e+01   -1.37182e+01    2.75465e+02    7.41171e-01
   Constr. rmsd
    1.17395e-06

           Step           Time
          14000       14.00000

   Energies (kJ/mol)
           Bond          Angle    Proper Dih. Per. Imp. Dih.          LJ-14
    9.99012e+00    2.88806e+01    5.33948e+01    5.37114e+00    1.29852e+01
     Coulomb-14        LJ (SR)   Coulomb (SR) Position Rest.      Potential
    1.92104e+02   -3.09296e+00   -3.41812e+02    3.23455e+00   -3.89444e+01
    Kinetic En.   Total Energy  Conserved En.    Temperature Pressure (bar)
    4.52766e+01    6.33224e+00   -1.40336e+01    2.13550e+02    1.26543e+00
   Constr. rmsd
    1.24874e-06

           Step           Time
          14500       14.50000

   Energies (kJ/mol)
           Bond          Angle    Proper Dih. Per. Imp. Dih.          LJ-14
    2.10956e+01    3.04504e+01    4.79040e+01    8.60069e-01    1.10156e+01
     Coulomb-14        LJ (SR)   Coulomb (SR) Position Rest.      Potential
    1.89486e+02   -5.23160e+00   -3.34256e+02    2.07558e+00   -3.66003e+01
    Kinetic En.   Total Energy  Conserved En.    Temperature Pressure (bar)
    6.14985e+01    2.48982e+01   -1.36126e+01    2.90062e+02   -3.03760e+00
   Constr. rmsd
    1.49755e-06

           Step           Time
          15000       15.00000

   Energies (kJ/mol)
           Bond          Angle    Proper Dih. Per. Imp. Dih.          LJ-14
    4.09662e+01    5.55846e+01    4.83857e+01    3.04580e-01    1.14631e+01
     Coulomb-14        LJ (SR)   Coulomb (SR) Position Rest.      Potential
    1.83831e+02    6.09655e+00   -3.46384e+02    2.46678e+00    2.71462e+00
    Kinetic En.   Total Energy  Conserved En.    Temperature Pressure (bar)
    5.76653e+01    6.03799e+01   -1.28788e+01    2.71982e+02   -1.59342e-02
   Constr. rmsd
    1.39785e-06

           Step           Time
          15500       15.50000

   Energies (kJ/mol)
           Bond          Angle    Proper Dih. Per. Imp. Dih.          LJ-14
    1.09846e+01    3.63873e+01    4.72144e+01    1.14982e+00    1.23587e+01
     Coulomb-14        LJ (SR)   Coulomb (SR) Position Rest.      Potential
    1.83639e+02   -2.89308e+00   -3.37285e+02    1.26707e+00   -4.71777e+01
    Kinetic En.   Total Energy  Conserved En.    Temperature Pressure (bar)
    7.86505e+01    3.14728e+01   -1.41659e+01    3.70960e+02    8.22782e-01
   Constr. rmsd
    1.44953e-06

           Step           Time
          16000       16.00000

   Energies (kJ/mol)
           Bond          Angle    Proper Dih. Per. Imp. Dih.          LJ-14
    3.90685e+01    3.40329e+01    4.50157e+01    4.09925e+00    1.10336e+01
     Coulomb-14        LJ (SR)   Coulomb (SR) Position Rest.      Potential
    1.89776e+02   -2.10100e+00   -3.41928e+02    4.66175e+00   -1.63417e+01
    Kinetic En.   Total Energy  Conserved En.    Temperature Pressure (bar)
    5.96331e+01    4.32914e+01   -1.32143e+01    2.81263e+02   -3.69537e+00
   Constr. rmsd
    1.82233e-06

           Step           Time
          16500       16.50000

   Energies (kJ/mol)
           Bond          Angle    Proper Dih. Per. Imp. Dih.          LJ-14
    1.74885e+01    3.13126e+01    5.42807e+01    3.14483e+00    1.16467e+01
     Coulomb-14        LJ (SR)   Coulomb (SR) Position Rest.      Potential
    2.01725e+02   -3.20267e+00   -3.52675e+02    4.74403e+00   -3.15352e+01
    Kinetic En.   Total Energy  Conserved En.    Temperature Pressure (bar)
    6.77238e+01    3.61886e+01   -1.28247e+01    3.19424e+02   -2.47922e+00
   Constr. rmsd
    1.73008e-06

           Step           Time
          17000       17.00000

   Energies (kJ/mol)
           Bond          Angle    Proper Dih. Per. Imp. Dih.          LJ-14
    1.91685e+01    4.08863e+01    4.92872e+01    1.33344e+00    1.03920e+01
     Coulomb-14        LJ (SR)   Coulomb (SR) Position Rest.      Potential
    1.85979e+02   -4.37399e+00   -3.34119e+02    1.55063e+00   -2.98959e+01
    Kinetic En.   Total Energy  Conserved En.    Temperature Pressure (bar)
    5.72110e+01    2.73152e+01   -1.27192e+01    2.69839e+02    1.57643e-01
   Constr. rmsd
    1.68658e-06

           Step           Time
          17500       17.50000

   Energies (kJ/mol)
           Bond          Angle    Proper Dih. Per. Imp. Dih.          LJ-14
    2.17516e+01    4.22222e+01    5.03138e+01    2.59463e+00    1.33707e+01
     Coulomb-14        LJ (SR)   Coulomb (SR) Position Rest.      Potential
    1.87843e+02   -3.98688e+00   -3.34343e+02    1.18666e+00   -1.90470e+01
    Kinetic En.   Total Energy  Conserved En.    Temperature Pressure (bar)
    4.63880e+01    2.73410e+01   -1.40278e+01    2.18792e+02   -2.82764e+00
   Constr. rmsd
    1.17054e-06

           Step           Time
          18000       18.00000

   Energies (kJ/mol)
           Bond          Angle    Proper Dih. Per. Imp. Dih.          LJ-14
    9.87420e+00    5.83743e+01    4.37411e+01    2.67071e+00    1.50604e+01
     Coulomb-14        LJ (SR)   Coulomb (SR) Position Rest.      Potential
    1.95405e+02   -2.48428e-01   -3.46307e+02    5.85408e+00   -1.55754e+01
    Kinetic En.   Total Energy  Conserved En.    Temperature Pressure (bar)
    6.57903e+01    5.02149e+01   -1.46370e+01    3.10304e+02    5.03202e-01
   Constr. rmsd
    1.79467e-06

           Step           Time
          18500       18.50000

   Energies (kJ/mol)
           Bond          Angle    Proper Dih. Per. Imp. Dih.          LJ-14
    1.47863e+01    4.62570e+01    4.75411e+01    3.86471e+00    1.59038e+01
     Coulomb-14        LJ (SR)   Coulomb (SR) Position Rest.      Potential
    1.91173e+02   -5.31881e+00   -3.36011e+02    3.83060e+00   -1.79739e+01
    Kinetic En.   Total Energy  Conserved En.    Temperature Pressure (bar)
    4.76362e+01    2.96623e+01   -1.56764e+01    2.24679e+02    2.10823e+00
   Constr. rmsd
    1.29700e-06

           Step           Time
          19000       19.00000

   Energies (kJ/mol)
           Bond          Angle    Proper Dih. Per. Imp. Dih.          LJ-14
    8.15340e+00    3.54955e+01    4.70241e+01    2.75217e+00    1.65467e+01
     Coulomb-14        LJ (SR)   Coulomb (SR) Position Rest.      Potential
    1.90425e+02   -4.25004e+00   -3.37478e+02    4.12803e-01   -4.09178e+01
    Kinetic En.   Total Energy  Conserved En.    Temperature Pressure (bar)
    4.80742e+01    7.15645e+00   -1.64864e+01    2.26745e+02    9.32545e-01
   Constr. rmsd
    1.17861e-06

           Step           Time
          19500       19.50000

   Energies (kJ/mol)
           Bond          Angle    Proper Dih. Per. Imp. Dih.          LJ-14
    1.24411e+01    6.65159e+01    4.72429e+01    5.34284e+00    2.15922e+01
     Coulomb-14        LJ (SR)   Coulomb (SR) Position Rest.      Potential
    1.88306e+02   -2.17008e+00   -3.40164e+02    1.59635e+00    7.03803e-01
    Kinetic En.   Total Energy  Conserved En.    Temperature Pressure (bar)
    5.47321e+01    5.54359e+01   -1.45219e+01    2.58147e+02    3.19769e+00
   Constr. rmsd
    1.28450e-06

           Step           Time
          20000       20.00000

   Energies (kJ/mol)
           Bond          Angle    Proper Dih. Per. Imp. Dih.          LJ-14
    1.23051e+01    3.98319e+01    5.49410e+01    3.99222e+00    1.36413e+01
     Coulomb-14        LJ (SR)   Coulomb (SR) Position Rest.      Potential
    1.87719e+02   -5.37198e-01   -3.37743e+02    5.42834e+00   -2.04218e+01
    Kinetic En.   Total Energy  Conserved En.    Temperature Pressure (bar)
    5.09827e+01    3.05609e+01   -1.53267e+01    2.40463e+02   -2.16455e+00
   Constr. rmsd
    1.03625e-06

           Step           Time
          20500       20.50000

   Energies (kJ/mol)
           Bond          Angle    Proper Dih. Per. Imp. Dih.          LJ-14
    1.16889e+01    4.49424e+01    4.81346e+01    6.93524e-01    1.33595e+01
     Coulomb-14        LJ (SR)   Coulomb (SR) Position Rest.      Potential
    1.81566e+02    7.39740e+00   -3.44251e+02    3.63209e+00   -3.28364e+01
    Kinetic En.   Total Energy  Conserved En.    Temperature Pressure (bar)
    6.18985e+01    2.90620e+01   -1.46155e+01    2.91948e+02    9.65211e-01
   Constr. rmsd
    1.11484e-06

           Step           Time
          21000       21.00000

   Energies (kJ/mol)
           Bond          Angle    Proper Dih. Per. Imp. Dih.          LJ-14
    1.09907e+01    4.12309e+01    4.80155e+01    2.12790e+00    1.43748e+01
     Coulomb-14        LJ (SR)   Coulomb (SR) Position Rest.      Potential
    1.98790e+02   -9.88499e-01   -3.46432e+02    7.88410e-01   -3.11018e+01
    Kinetic En.   Total Energy  Conserved En.    Temperature Pressure (bar)
    5.17441e+01    2.06422e+01   -1.44756e+01    2.44054e+02    1.21996e+00
   Constr. rmsd
    1.40840e-06

           Step           Time
          21500       21.50000

   Energies (kJ/mol)
           Bond          Angle    Proper Dih. Per. Imp. Dih.          LJ-14
    1.21743e+01    4.63161e+01    4.50654e+01    2.53165e+00    1.03613e+01
     Coulomb-14        LJ (SR)   Coulomb (SR) Position Rest.      Potential
    1.89858e+02   -5.16440e+00   -3.27075e+02    1.93713e+00   -2.39960e+01
    Kinetic En.   Total Energy  Conserved En.    Temperature Pressure (bar)
    6.70437e+01    4.30478e+01   -1.44310e+01    3.16216e+02   -2.23032e+00
   Constr. rmsd
    1.34463e-06

           Step           Time
          22000       22.00000

   Energies (kJ/mol)
           Bond          Angle    Proper Dih. Per. Imp. Dih.          LJ-14
    2.03133e+01    5.13411e+01    4.46625e+01    3.82004e+00    8.38206e+00
     Coulomb-14        LJ (SR)   Coulomb (SR) Position Rest.      Potential
    1.72089e+02   -3.56512e+00   -3.28058e+02    5.74995e+00   -2.52647e+01
    Kinetic En.   Total Energy  Conserved En.    Temperature Pressure (bar)
    6.71528e+01    4.18881e+01   -1.52482e+01    3.16730e+02    1.51278e+00
   Constr. rmsd
    1.08687e-06

           Step           Time
          22500       22.50000

   Energies (kJ/mol)
           Bond          Angle    Proper Dih. Per. Imp. Dih.          LJ-14
    2.45762e+01    3.95720e+01    4.85795e+01    7.07987e-01    1.29487e+01
     Coulomb-14        LJ (SR)   Coulomb (SR) Position Rest.      Potential
    1.82139e+02   -8.07274e-01   -3.37547e+02    6.03734e+00   -2.37935e+01
    Kinetic En.   Total Energy  Conserved En.    Temperature Pressure (bar)
    6.53728e+01    4.15794e+01   -1.62151e+01    3.08335e+02    1.13797e+00
   Constr. rmsd
    1.06998e-06

           Step           Time
          23000       23.00000

   Energies (kJ/mol)
           Bond          Angle    Proper Dih. Per. Imp. Dih.          LJ-14
    1.47728e+01    2.71895e+01    4.85808e+01    4.17031e+00    1.34276e+01
     Coulomb-14        LJ (SR)   Coulomb (SR) Position Rest.      Potential
    1.88975e+02   -4.41779e+00   -3.39417e+02    3.43730e+00   -4.32811e+01
    Kinetic En.   Total Energy  Conserved En.    Temperature Pressure (bar)
    7.53581e+01    3.20770e+01   -1.61248e+01    3.55431e+02    1.95892e+00
   Constr. rmsd
    1.24529e-06

           Step           Time
          23500       23.50000

   Energies (kJ/mol)
           Bond          Angle    Proper Dih. Per. Imp. Dih.          LJ-14
    1.12592e+01    3.94347e+01    4.96115e+01    2.60675e-01    1.51249e+01
     Coulomb-14        LJ (SR)   Coulomb (SR) Position Rest.      Potential
    1.84242e+02   -1.63449e-01   -3.43161e+02    1.25319e+00   -4.21377e+01
    Kinetic En.   Total Energy  Conserved En.    Temperature Pressure (bar)
    8.39910e+01    4.18532e+01   -1.58858e+01    3.96149e+02    9.29764e-01
   Constr. rmsd
    1.33347e-06

           Step           Time
          24000       24.00000

   Energies (kJ/mol)
           Bond          Angle    Proper Dih. Per. Imp. Dih.          LJ-14
    8.48489e+00    3.42271e+01    4.86429e+01    8.68138e-01    1.25878e+01
     Coulomb-14        LJ (SR)   Coulomb (SR) Position Rest.      Potential
    1.91642e+02   -4.22122e+00   -3.38592e+02    7.09426e+00   -3.92668e+01
    Kinetic En.   Total Energy  Conserved En.    Temperature Pressure (bar)
    6.15927e+01    2.23259e+01   -1.49974e+01    2.90506e+02   -6.03507e-01
   Constr. rmsd
    1.31040e-06

           Step           Time
          24500       24.50000

   Energies (kJ/mol)
           Bond          Angle    Proper Dih. Per. Imp. Dih.          LJ-14
    1.79148e+01    4.65837e+01    4.99453e+01    1.30364e+00    1.27742e+01
     Coulomb-14        LJ (SR)   Coulomb (SR) Position Rest.      Potential
    1.84387e+02   -6.78091e+00   -3.27861e+02    1.04670e+01   -1.12660e+01
    Kinetic En.   Total Energy  Conserved En.    Temperature Pressure (bar)
    6.32858e+01    5.20198e+01   -1.45203e+01    2.98492e+02   -3.40857e+00
   Constr. rmsd
    1.43082e-06

           Step           Time
          25000       25.00000

   Energies (kJ/mol)
           Bond          Angle    Proper Dih. Per. Imp. Dih.          LJ-14
    1.50720e+01    3.57447e+01    4.95578e+01    5.52418e-01    1.86008e+01
     Coulomb-14        LJ (SR)   Coulomb (SR) Position Rest.      Potential
    1.85811e+02   -2.48358e+00   -3.34684e+02    5.67244e+00   -2.61566e+01
    Kinetic En.   Total Energy  Conserved En.    Temperature Pressure (bar)
    6.51858e+01    3.90293e+01   -1.49279e+01    3.07453e+02    4.16964e-01
   Constr. rmsd
    1.52614e-06

           Step           Time
          25500       25.50000

   Energies (kJ/mol)
           Bond          Angle    Proper Dih. Per. Imp. Dih.          LJ-14
    1.00147e+01    4.84936e+01    5.25850e+01    3.99718e+00    1.54890e+01
     Coulomb-14        LJ (SR)   Coulomb (SR) Position Rest.      Potential
    1.92864e+02   -2.20674e-01   -3.40186e+02    2.34521e+00   -1.46177e+01
    Kinetic En.   Total Energy  Conserved En.    Temperature Pressure (bar)
    8.69775e+01    7.23597e+01   -1.55371e+01    4.10235e+02   -9.96169e-01
   Constr. rmsd
    1.31333e-06

           Step           Time
          26000       26.00000

   Energies (kJ/mol)
           Bond          Angle    Proper Dih. Per. Imp. Dih.          LJ-14
    1.39291e+01    4.03695e+01    4.59331e+01    1.12280e-01    1.33988e+01
     Coulomb-14        LJ (SR)   Coulomb (SR) Position Rest.      Potential
    1.73465e+02   -5.62190e-01   -3.30998e+02    1.53097e+00   -4.28214e+01
    Kinetic En.   Total Energy  Conserved En.    Temperature Pressure (bar)
    7.93593e+01    3.65379e+01   -1.64550e+01    3.74303e+02    2.43699e+00
   Constr. rmsd
    1.39754e-06

           Step           Time
          26500       26.50000

   Energies (kJ/mol)
           Bond          Angle    Proper Dih. Per. Imp. Dih.          LJ-14
    1.05234e+01    3.47617e+01    5.41671e+01    5.69938e+00    1.52091e+01
     Coulomb-14        LJ (SR)   Coulomb (SR) Position Rest.      Potential
    1.80646e+02   -5.34084e-01   -3.39006e+02    7.57754e+00   -3.09554e+01
    Kinetic En.   Total Energy  Conserved En.    Temperature Pressure (bar)
    8.16721e+01    5.07168e+01   -1.60598e+01    3.85212e+02    1.17256e+00
   Constr. rmsd
    1.58467e-06

           Step           Time
          27000       27.00000

   Energies (kJ/mol)
           Bond          Angle    Proper Dih. Per. Imp. Dih.          LJ-14
    2.11186e+01    5.45454e+01    4.90347e+01    1.13093e+00    1.26153e+01
     Coulomb-14        LJ (SR)   Coulomb (SR) Position Rest.      Potential
    1.84929e+02   -6.31435e+00   -3.31595e+02    9.64989e+00   -4.88573e+00
    Kinetic En.   Total Energy  Conserved En.    Temperature Pressure (bar)
    6.31859e+01    5.83002e+01   -1.60250e+01    2.98020e+02    1.09532e-01
   Constr. rmsd
    1.56767e-06

           Step           Time
          27500       27.50000

   Energies (kJ/mol)
           Bond          Angle    Proper Dih. Per. Imp. Dih.          LJ-14
    9.61381e+00    3.29637e+01    4.66559e+01    2.65331e+00    1.16885e+01
     Coulomb-14        LJ (SR)   Coulomb (SR) Position Rest.      Potential
    1.82171e+02   -4.22855e+00   -3.32317e+02    2.97512e+00   -4.78237e+01
    Kinetic En.   Total Energy  Conserved En.    Temperature Pressure (bar)
    5.59370e+01    8.11330e+00   -1.62963e+01    2.63831e+02   -7.69431e-01
   Constr. rmsd
    1.55115e-06

           Step           Time
          28000       28.00000

   Energies (kJ/mol)
           Bond          Angle    Proper Dih. Per. Imp. Dih.          LJ-14
    1.45528e+01    3.36687e+01    4.32102e+01    4.65867e-01    1.34365e+01
     Coulomb-14        LJ (SR)   Coulomb (SR) Position Rest.      Potential
    1.83902e+02   -3.25412e+00   -3.33077e+02    2.99526e+00   -4.40997e+01
    Kinetic En.   Total Energy  Conserved En.    Temperature Pressure (bar)
    6.82391e+01    2.41394e+01   -1.64406e+01    3.21854e+02   -1.23615e+00
   Constr. rmsd
    1.57718e-06

           Step           Time
          28500       28.50000

   Energies (kJ/mol)
           Bond          Angle    Proper Dih. Per. Imp. Dih.          LJ-14
    2.19391e+01    2.10810e+01    5.33574e+01    2.88895e+00    1.34439e+01
     Coulomb-14        LJ (SR)   Coulomb (SR) Position Rest.      Potential
    1.93665e+02   -4.19219e+00   -3.40177e+02    6.96243e+00   -3.10309e+01
    Kinetic En.   Total Energy  Conserved En.    Temperature Pressure (bar)
    6.23640e+01    3.13331e+01   -1.70376e+01    2.94144e+02   -5.38530e-01
   Constr. rmsd
    1.67636e-06

           Step           Time
          29000       29.00000

   Energies (kJ/mol)
           Bond          Angle    Proper Dih. Per. Imp. Dih.          LJ-14
    8.14504e+00    5.13117e+01    4.87696e+01    2.86236e+00    1.14568e+01
     Coulomb-14        LJ (SR)   Coulomb (SR) Position Rest.      Potential
    1.76860e+02   -1.57538e+00   -3.37366e+02    3.31455e+00   -3.62213e+01
    Kinetic En.   Total Energy  Conserved En.    Temperature Pressure (bar)
    5.59643e+01    1.97430e+01   -1.60296e+01    2.63959e+02    2.00879e-01
   Constr. rmsd
    1.52866e-06

           Step           Time
          29500       29.50000

   Energies (kJ/mol)
           Bond          Angle    Proper Dih. Per. Imp. Dih.          LJ-14
    9.10035e+00    4.14281e+01    5.07617e+01    2.35533e+00    1.43045e+01
     Coulomb-14        LJ (SR)   Coulomb (SR) Position Rest.      Potential
    1.94686e+02   -1.89557e+00   -3.41668e+02    1.63637e+00   -2.92912e+01
    Kinetic En.   Total Energy  Conserved En.    Temperature Pressure (bar)
    6.16011e+01    3.23099e+01   -1.52518e+01    2.90545e+02    4.27131e-01
   Constr. rmsd
    1.67256e-06

           Step           Time
          30000       30.00000

   Energies (kJ/mol)
           Bond          Angle    Proper Dih. Per. Imp. Dih.          LJ-14
    1.62915e+01    4.25865e+01    5.31481e+01    8.74384e-01    1.58625e+01
     Coulomb-14        LJ (SR)   Coulomb (SR) Position Rest.      Potential
    1.91979e+02   -4.95389e+00   -3.37038e+02    3.71847e+00   -1.75310e+01
    Kinetic En.   Total Energy  Conserved En.    Temperature Pressure (bar)
    6.08927e+01    4.33617e+01   -1.50298e+01    2.87204e+02   -8.39297e-01
   Constr. rmsd
    1.44963e-06

           Step           Time
          30500       30.50000

   Energies (kJ/mol)
           Bond          Angle    Proper Dih. Per. Imp. Dih.          LJ-14
    3.22464e+00    4.04620e+01    5.17915e+01    9.11491e-01    1.65999e+01
     Coulomb-14        LJ (SR)   Coulomb (SR) Position Rest.      Potential
    1.95055e+02    6.16508e-01   -3.41932e+02    5.70124e+00   -2.75700e+01
    Kinetic En.   Total Energy  Conserved En.    Temperature Pressure (bar)
    6.38245e+01    3.62545e+01   -1.59199e+01    3.01032e+02   -3.05369e-01
   Constr. rmsd
    1.32991e-06

           Step           Time
          31000       31.00000

   Energies (kJ/mol)
           Bond          Angle    Proper Dih. Per. Imp. Dih.          LJ-14
    1.74316e+01    3.03068e+01    5.97320e+01    4.55235e+00    1.67515e+01
     Coulomb-14        LJ (SR)   Coulomb (SR) Position Rest.      Potential
    1.85599e+02    3.81841e+00   -3.47307e+02    3.53906e+00   -2.55761e+01
    Kinetic En.   Total Energy  Conserved En.    Temperature Pressure (bar)
    9.60979e+01    7.05218e+01   -1.63301e+01    4.53252e+02   -5.22630e-01
   Constr. rmsd
    9.68155e-07

           Step           Time
          31500       31.50000

   Energies (kJ/mol)
           Bond          Angle    Proper Dih. Per. Imp. Dih.          LJ-14
    4.13761e+00    4.70508e+01    4.49988e+01    2.90124e+00    1.25642e+01
     Coulomb-14        LJ (SR)   Coulomb (SR) Position Rest.      Potential
    1.90922e+02   -5.79478e+00   -3.37183e+02    1.96831e+00   -3.84350e+01
    Kinetic En.   Total Energy  Conserved En.    Temperature Pressure (bar)
    6.98383e+01    3.14033e+01   -1.69084e+01    3.29397e+02    8.46156e-01
   Constr. rmsd
    1.42387e-06

           Step           Time
          32000       32.00000

   Energies (kJ/mol)
           Bond          Angle    Proper Dih. Per. Imp. Dih.          LJ-14
    2.21755e+01    3.22592e+01    5.05492e+01    1.99104e+00    1.18402e+01
     Coulomb-14        LJ (SR)   Coulomb (SR) Position Rest.      Potential
    1.73041e+02   -4.75496e+00   -3.28004e+02    4.81782e-01   -4.04214e+01
    Kinetic En.   Total Energy  Conserved En.    Temperature Pressure (bar)
    6.83284e+01    2.79069e+01   -1.62557e+01    3.22275e+02   -1.51523e+00
   Constr. rmsd
    1.19532e-06

           Step           Time
          32500       32.50000

   Energies (kJ/mol)
           Bond          Angle    Proper Dih. Per. Imp. Dih.          LJ-14
    3.06019e+01    4.28220e+01    5.34623e+01    9.61435e-01    1.31987e+01
     Coulomb-14        LJ (SR)   Coulomb (SR) Position Rest.      Potential
    1.71063e+02   -3.65572e+00   -3.27628e+02    3.05744e+00   -1.61167e+01
    Kinetic En.   Total Energy  Conserved En.    Temperature Pressure (bar)
    5.03900e+01    3.42733e+01   -1.54630e+01    2.37668e+02    6.97199e-01
   Constr. rmsd
    1.58140e-06

           Step           Time
          33000       33.00000

   Energies (kJ/mol)
           Bond          Angle    Proper Dih. Per. Imp. Dih.          LJ-14
    2.20057e+01    3.41114e+01    5.09981e+01    1.04143e+00    1.33454e+01
     Coulomb-14        LJ (SR)   Coulomb (SR) Position Rest.      Potential
    1.96388e+02   -1.33150e+00   -3.51616e+02    5.66030e+00   -2.93975e+01
    Kinetic En.   Total Energy  Conserved En.    Temperature Pressure (bar)
    7.41709e+01    4.47734e+01   -1.45928e+01    3.49832e+02   -9.66581e-01
   Constr. rmsd
    1.59240e-06

           Step           Time
          33500       33.50000

   Energies (kJ/mol)
           Bond          Angle    Proper Dih. Per. Imp. Dih.          LJ-14
    1.39999e+01    4.41919e+01    4.26883e+01    1.32040e+00    1.31158e+01
     Coulomb-14        LJ (SR)   Coulomb (SR) Position Rest.      Potential
    1.90056e+02   -2.07082e+00   -3.37118e+02    3.18562e+00   -3.06314e+01
    Kinetic En.   Total Energy  Conserved En.    Temperature Pressure (bar)
    8.63318e+01    5.57004e+01   -1.38023e+01    4.07189e+02    8.53562e-01
   Constr. rmsd
    1.58074e-06

           Step           Time
          34000       34.00000

   Energies (kJ/mol)
           Bond          Angle    Proper Dih. Per. Imp. Dih.          LJ-14
    1.90839e+01    3.94453e+01    4.81278e+01    1.51387e+00    1.23427e+01
     Coulomb-14        LJ (SR)   Coulomb (SR) Position Rest.      Potential
    1.94502e+02   -5.85649e+00   -3.34497e+02    6.57867e-01   -2.46798e+01
    Kinetic En.   Total Energy  Conserved En.    Temperature Pressure (bar)
    5.14256e+01    2.67458e+01   -1.33746e+01    2.42552e+02   -1.81088e+00
   Constr. rmsd
    1.27316e-06

           Step           Time
          34500       34.50000

   Energies (kJ/mol)
           Bond          Angle    Proper Dih. Per. Imp. Dih.          LJ-14
    1.74562e+01    4.67778e+01    4.91671e+01    3.87992e+00    1.32917e+01
     Coulomb-14        LJ (SR)   Coulomb (SR) Position Rest.      Potential
    1.88069e+02   -2.58786e+00   -3.34127e+02    3.52874e+00   -1.45438e+01
    Kinetic En.   Total Energy  Conserved En.    Temperature Pressure (bar)
    4.11297e+01    2.65859e+01   -1.31438e+01    1.93991e+02   -3.33950e+00
   Constr. rmsd
    1.07371e-06

           Step           Time
          35000       35.00000

   Energies (kJ/mol)
           Bond          Angle    Proper Dih. Per. Imp. Dih.          LJ-14
    1.52070e+01    4.05933e+01    5.16691e+01    1.29332e+00    1.20060e+01
     Coulomb-14        LJ (SR)   Coulomb (SR) Position Rest.      Potential
    1.86619e+02   -6.79796e+00   -3.32347e+02    7.40556e+00   -2.43519e+01
    Kinetic En.   Total Energy  Conserved En.    Temperature Pressure (bar)
    6.66202e+01    4.22683e+01   -1.39572e+01    3.14218e+02    5.28959e-01
   Constr. rmsd
    1.42502e-06

           Step           Time
          35500       35.50000

   Energies (kJ/mol)
           Bond          Angle    Proper Dih. Per. Imp. Dih.          LJ-14
    1.05387e+01    3.24344e+01    5.26721e+01    1.95679e+00    1.47542e+01
     Coulomb-14        LJ (SR)   Coulomb (SR) Position Rest.      Potential
    2.06363e+02    2.14127e+01   -3.67264e+02    4.43404e+00   -2.26985e+01
    Kinetic En.   Total Energy  Conserved En.    Temperature Pressure (bar)
    5.40201e+01    3.13216e+01   -1.39193e+01    2.54789e+02    1.90670e+00
   Constr. rmsd
    1.29985e-06

           Step           Time
          36000       36.00000

   Energies (kJ/mol)
           Bond          Angle    Proper Dih. Per. Imp. Dih.          LJ-14
    1.49264e+01    2.72017e+01    4.93219e+01    2.63315e+00    1.42009e+01
     Coulomb-14        LJ (SR)   Coulomb (SR) Position Rest.      Potential
    1.96590e+02   -8.24201e-01   -3.46000e+02    6.33839e-01   -4.13170e+01
    Kinetic En.   Total Energy  Conserved En.    Temperature Pressure (bar)
    7.06593e+01    2.93423e+01   -1.34388e+01    3.33269e+02    6.39415e-02
   Constr. rmsd
    1.19952e-06

           Step           Time
          36500       36.50000

   Energies (kJ/mol)
           Bond          Angle    Proper Dih. Per. Imp. Dih.          LJ-14
    1.21312e+01    3.40220e+01    4.36966e+01    1.12771e+01    1.20381e+01
     Coulomb-14        LJ (SR)   Coulomb (SR) Position Rest.      Potential
    1.84538e+02   -5.80853e+00   -3.25640e+02    3.97429e+00   -2.97719e+01
    Kinetic En.   Total Energy  Conserved En.    Temperature Pressure (bar)
    7.51297e+01    4.53578e+01   -1.35363e+01    3.54354e+02    4.74514e-01
   Constr. rmsd
    1.28795e-06

           Step           Time
          37000       37.00000

   Energies (kJ/mol)
           Bond          Angle    Proper Dih. Per. Imp. Dih.          LJ-14
    5.94636e+00    2.57275e+01    5.30118e+01    5.96840e+00    1.49539e+01
     Coulomb-14        LJ (SR)   Coulomb (SR) Position Rest.      Potential
    1.90197e+02   -4.57789e+00   -3.34354e+02    8.50740e+00   -3.46197e+01
    Kinetic En.   Total Energy  Conserved En.    Temperature Pressure (bar)
    4.78864e+01    1.32667e+01   -1.33883e+01    2.25859e+02    6.97255e-01
   Constr. rmsd
    1.77067e-06

           Step           Time
          37500       37.50000

   Energies (kJ/mol)
           Bond          Angle    Proper Dih. Per. Imp. Dih.          LJ-14
    1.08246e+01    3.48334e+01    5.44616e+01    4.10322e+00    1.16993e+01
     Coulomb-14        LJ (SR)   Coulomb (SR) Position Rest.      Potential
    1.78944e+02   -3.87010e+00   -3.27914e+02    5.54908e+00   -3.13686e+01
    Kinetic En.   Total Energy  Conserved En.    Temperature Pressure (bar)
    5.00804e+01    1.87118e+01   -1.35853e+01    2.36207e+02   -1.49057e+00
   Constr. rmsd
    1.20972e-06

           Step           Time
          38000       38.00000

   Energies (kJ/mol)
           Bond          Angle    Proper Dih. Per. Imp. Dih.          LJ-14
    1.60367e+01    3.22553e+01    5.14305e+01    1.09756e+00    1.07133e+01
     Coulomb-14        LJ (SR)   Coulomb (SR) Position Rest.      Potential
    1.89343e+02   -4.04334e+00   -3.42412e+02    2.58159e+00   -4.29974e+01
    Kinetic En.   Total Energy  Conserved En.    Temperature Pressure (bar)
    6.10825e+01    1.80851e+01   -1.36838e+01    2.88100e+02   -5.46094e-01
   Constr. rmsd
    1.45218e-06

           Step           Time
          38500       38.50000

   Energies (kJ/mol)
           Bond          Angle    Proper Dih. Per. Imp. Dih.          LJ-14
    1.37648e+01    4.36797e+01    5.34391e+01    7.45647e-01    1.25395e+01
     Coulomb-14        LJ (SR)   Coulomb (SR) Position Rest.      Potential
    1.91445e+02    2.10973e+00   -3.43018e+02    2.15360e+00   -2.31404e+01
    Kinetic En.   Total Energy  Conserved En.    Temperature Pressure (bar)
    5.23451e+01    2.92046e+01   -1.25563e+01    2.46889e+02    9.47484e-01
   Constr. rmsd
    1.20408e-06

           Step           Time
          39000       39.00000

   Energies (kJ/mol)
           Bond          Angle    Proper Dih. Per. Imp. Dih.          LJ-14
    9.42882e+00    5.20057e+01    5.01254e+01    9.73305e+00    1.73160e+01
     Coulomb-14        LJ (SR)   Coulomb (SR) Position Rest.      Potential
    1.88550e+02    3.29795e+00   -3.46426e+02    6.33130e+00   -9.63824e+00
    Kinetic En.   Total Energy  Conserved En.    Temperature Pressure (bar)
    5.64923e+01    4.68541e+01   -1.25243e+01    2.66450e+02    1.17488e+00
   Constr. rmsd
    1.32902e-06

           Step           Time
          39500       39.50000

   Energies (kJ/mol)
           Bond          Angle    Proper Dih. Per. Imp. Dih.          LJ-14
    6.22884e+00    3.50395e+01    4.36373e+01    1.90472e+00    1.60802e+01
     Coulomb-14        LJ (SR)   Coulomb (SR) Position Rest.      Potential
    2.00628e+02    2.25385e+00   -3.49612e+02    4.22511e+00   -3.96147e+01
    Kinetic En.   Total Energy  Conserved En.    Temperature Pressure (bar)
    5.94586e+01    1.98439e+01   -1.25286e+01    2.80440e+02    2.40537e+00
   Constr. rmsd
    1.07990e-06

           Step           Time
          40000       40.00000

   Energies (kJ/mol)
           Bond          Angle    Proper Dih. Per. Imp. Dih.          LJ-14
    4.50291e+00    3.95743e+01    5.63306e+01    1.12123e+00    1.23681e+01
     Coulomb-14        LJ (SR)   Coulomb (SR) Position Rest.      Potential
    1.81686e+02   -5.91459e+00   -3.30121e+02    2.74035e+00   -3.77122e+01
    Kinetic En.   Total Energy  Conserved En.    Temperature Pressure (bar)
    7.11277e+01    3.34155e+01   -1.26938e+01    3.35478e+02    5.74308e-01
   Constr. rmsd
    1.58065e-06

           Step           Time
          40500       40.50000

   Energies (kJ/mol)
           Bond          Angle    Proper Dih. Per. Imp. Dih.          LJ-14
    8.64356e+00    4.20110e+01    5.46271e+01    5.75458e+00    1.16100e+01
     Coulomb-14        LJ (SR)   Coulomb (SR) Position Rest.      Potential
    1.76606e+02   -1.99241e+00   -3.28192e+02    3.11391e+00   -2.78182e+01
    Kinetic En.   Total Energy  Conserved En.    Temperature Pressure (bar)
    5.32887e+01    2.54705e+01   -1.31790e+01    2.51340e+02   -1.66123e+00
   Constr. rmsd
    1.65575e-06

           Step           Time
          41000       41.00000

   Energies (kJ/mol)
           Bond          Angle    Proper Dih. Per. Imp. Dih.          LJ-14
    1.10676e+01    4.01987e+01    5.52788e+01    1.10000e+00    1.43061e+01
     Coulomb-14        LJ (SR)   Coulomb (SR) Position Rest.      Potential
    1.83558e+02   -5.83253e+00   -3.32977e+02    9.65251e+00   -2.36476e+01
    Kinetic En.   Total Energy  Conserved En.    Temperature Pressure (bar)
    7.58616e+01    5.22140e+01   -1.29725e+01    3.57806e+02    1.01097e+00
   Constr. rmsd
    1.23347e-06

           Step           Time
          41500       41.50000

   Energies (kJ/mol)
           Bond          Angle    Proper Dih. Per. Imp. Dih.          LJ-14
    8.30325e+00    4.10308e+01    4.81730e+01    9.54179e-01    1.47770e+01
     Coulomb-14        LJ (SR)   Coulomb (SR) Position Rest.      Potential
    1.97293e+02   -4.10733e+00   -3.41198e+02    7.50081e+00   -2.72736e+01
    Kinetic En.   Total Energy  Conserved En.    Temperature Pressure (bar)
    3.28435e+01    5.56991e+00   -1.31449e+01    1.54908e+02    6.81990e-01
   Constr. rmsd
    1.64003e-06

           Step           Time
          42000       42.00000

   Energies (kJ/mol)
           Bond          Angle    Proper Dih. Per. Imp. Dih.          LJ-14
    1.28053e+01    4.20665e+01    4.64873e+01    7.85660e-01    1.28997e+01
     Coulomb-14        LJ (SR)   Coulomb (SR) Position Rest.      Potential
    1.86513e+02    8.39868e+00   -3.37136e+02    3.74700e+00   -2.34333e+01
    Kinetic En.   Total Energy  Conserved En.    Temperature Pressure (bar)
    5.58751e+01    3.24418e+01   -1.26335e+01    2.63538e+02    3.66881e-01
   Constr. rmsd
    1.63207e-06

           Step           Time
          42500       42.50000

   Energies (kJ/mol)
           Bond          Angle    Proper Dih. Per. Imp. Dih.          LJ-14
    9.50809e+00    3.33550e+01    4.90179e+01    1.68264e+00    1.35901e+01
     Coulomb-14        LJ (SR)   Coulomb (SR) Position Rest.      Potential
    1.95075e+02   -4.82414e+00   -3.39289e+02    2.78608e+00   -3.90985e+01
    Kinetic En.   Total Energy  Conserved En.    Temperature Pressure (bar)
    7.50138e+01    3.59153e+01   -1.30042e+01    3.53807e+02   -9.91317e-01
   Constr. rmsd
    1.44789e-06

           Step           Time
          43000       43.00000

   Energies (kJ/mol)
           Bond          Angle    Proper Dih. Per. Imp. Dih.          LJ-14
    9.09008e+00    2.75436e+01    4.60991e+01    8.07553e-01    1.75649e+01
     Coulomb-14        LJ (SR)   Coulomb (SR) Position Rest.      Potential
    1.84938e+02    1.50494e+00   -3.37263e+02    3.49440e+00   -4.62213e+01
    Kinetic En.   Total Energy  Conserved En.    Temperature Pressure (bar)
    6.16276e+01    1.54063e+01   -1.29597e+01    2.90670e+02    1.67024e+00
   Constr. rmsd
    1.52488e-06

           Step           Time
          43500       43.50000

   Energies (kJ/mol)
           Bond          Angle    Proper Dih. Per. Imp. Dih.          LJ-14
    9.07366e+00    4.35348e+01    5.96996e+01    2.62949e+00    1.64992e+01
     Coulomb-14        LJ (SR)   Coulomb (SR) Position Rest.      Potential
    1.85489e+02   -4.32352e+00   -3.32930e+02    8.77720e+00   -1.15506e+01
    Kinetic En.   Total Energy  Conserved En.    Temperature Pressure (bar)
    6.88191e+01    5.72685e+01   -1.22081e+01    3.24590e+02    2.35961e+00
   Constr. rmsd
    1.70881e-06

           Step           Time
          44000       44.00000

   Energies (kJ/mol)
           Bond          Angle    Proper Dih. Per. Imp. Dih.          LJ-14
    1.58973e+01    3.46865e+01    6.13098e+01    2.52353e+00    1.10488e+01
     Coulomb-14        LJ (SR)   Coulomb (SR) Position Rest.      Potential
    1.93829e+02   -3.49834e+00   -3.43281e+02    6.41841e+00   -2.10658e+01
    Kinetic En.   Total Energy  Conserved En.    Temperature Pressure (bar)
    6.22982e+01    4.12324e+01   -1.23800e+01    2.93833e+02   -2.73078e+00
   Constr. rmsd
    1.56029e-06

           Step           Time
          44500       44.50000

   Energies (kJ/mol)
           Bond          Angle    Proper Dih. Per. Imp. Dih.          LJ-14
    1.51828e+01    5.15626e+01    4.25431e+01    1.74248e+00    8.19337e+00
     Coulomb-14        LJ (SR)   Coulomb (SR) Position Rest.      Potential
    1.79621e+02   -5.55959e+00   -3.27889e+02    6.53449e-01   -3.39501e+01
    Kinetic En.   Total Energy  Conserved En.    Temperature Pressure (bar)
    8.49888e+01    5.10387e+01   -1.33446e+01    4.00855e+02   -2.32518e+00
   Constr. rmsd
    1.60804e-06

           Step           Time
          45000       45.00000

   Energies (kJ/mol)
           Bond          Angle    Proper Dih. Per. Imp. Dih.          LJ-14
    8.93115e+00    2.50793e+01    5.03748e+01    1.52139e+00    1.49860e+01
     Coulomb-14        LJ (SR)   Coulomb (SR) Position Rest.      Potential
    1.90091e+02   -6.27187e+00   -3.22128e+02    6.34960e+00   -3.10671e+01
    Kinetic En.   Total Energy  Conserved En.    Temperature Pressure (bar)
    7.09287e+01    3.98616e+01   -1.40755e+01    3.34539e+02    5.20627e-01
   Constr. rmsd
    1.40619e-06

           Step           Time
          45500       45.50000

   Energies (kJ/mol)
           Bond          Angle    Proper Dih. Per. Imp. Dih.          LJ-14
    2.28193e+01    3.45304e+01    4.81213e+01    2.61139e+00    1.18675e+01
     Coulomb-14        LJ (SR)   Coulomb (SR) Position Rest.      Potential
    1.91511e+02   -4.18103e+00   -3.31087e+02    8.55450e+00   -1.52535e+01
    Kinetic En.   Total Energy  Conserved En.    Temperature Pressure (bar)
    6.65954e+01    5.13419e+01   -1.28855e+01    3.14101e+02   -3.75367e+00
   Constr. rmsd
    1.36626e-06

           Step           Time
          46000       46.00000

   Energies (kJ/mol)
           Bond          Angle    Proper Dih. Per. Imp. Dih.          LJ-14
    1.03027e+01    3.51270e+01    5.05632e+01    4.39110e+00    9.79767e+00
     Coulomb-14        LJ (SR)   Coulomb (SR) Position Rest.      Potential
    1.97645e+02   -4.80675e+00   -3.46093e+02    6.41733e+00   -3.66564e+01
    Kinetic En.   Total Energy  Conserved En.    Temperature Pressure (bar)
    5.74268e+01    2.07704e+01   -1.20126e+01    2.70857e+02   -1.31765e+00
   Constr. rmsd
    1.41375e-06

           Step           Time
          46500       46.50000

   Energies (kJ/mol)
           Bond          Angle    Proper Dih. Per. Imp. Dih.          LJ-14
    9.30331e+00    3.54031e+01    5.24390e+01    1.12770e+00    1.38700e+01
     Coulomb-14        LJ (SR)   Coulomb (SR) Position Rest.      Potential
    1.96662e+02   -1.43203e+00   -3.49688e+02    5.34148e+00   -3.69729e+01
    Kinetic En.   Total Energy  Conserved En.    Temperature Pressure (bar)
    5.90579e+01    2.20850e+01   -1.19628e+01    2.78550e+02    1.89453e+00
   Constr. rmsd
    1.31502e-06

           Step           Time
          47000       47.00000

   Energies (kJ/mol)
           Bond          Angle    Proper Dih. Per. Imp. Dih.          LJ-14
    1.65181e+01    3.02120e+01    5.12454e+01    3.29051e-01    1.45135e+01
     Coulomb-14        LJ (SR)   Coulomb (SR) Position Rest.      Potential
    1.89869e+02   -2.42447e+00   -3.43637e+02    1.60643e+00   -4.17686e+01
    Kinetic En.   Total Energy  Conserved En.    Temperature Pressure (bar)
    6.21182e+01    2.03496e+01   -1.27618e+01    2.92985e+02    2.47310e-01
   Constr. rmsd
    1.38648e-06

           Step           Time
          47500       47.50000

   Energies (kJ/mol)
           Bond          Angle    Proper Dih. Per. Imp. Dih.          LJ-14
    7.76825e+00    1.94358e+01    5.08285e+01    2.81371e-01    1.32492e+01
     Coulomb-14        LJ (SR)   Coulomb (SR) Position Rest.      Potential
    1.88681e+02   -3.43168e+00   -3.36172e+02    1.27192e+00   -5.80876e+01
    Kinetic En.   Total Energy  Conserved En.    Temperature Pressure (bar)
    5.35052e+01   -4.58244e+00   -1.28384e+01    2.52361e+02    5.36790e-01
   Constr. rmsd
    1.54781e-06

           Step           Time
          48000       48.00000

   Energies (kJ/mol)
           Bond          Angle    Proper Dih. Per. Imp. Dih.          LJ-14
    1.70406e+01    2.58086e+01    5.00672e+01    4.68381e+00    1.25792e+01
     Coulomb-14        LJ (SR)   Coulomb (SR) Position Rest.      Potential
    1.86072e+02   -3.21429e+00   -3.32402e+02    3.36400e+00   -3.60014e+01
    Kinetic En.   Total Energy  Conserved En.    Temperature Pressure (bar)
    4.53268e+01    9.32535e+00   -1.21172e+01    2.13787e+02   -2.80376e+00
   Constr. rmsd
    1.20776e-06

           Step           Time
          48500       48.50000

   Energies (kJ/mol)
           Bond          Angle    Proper Dih. Per. Imp. Dih.          LJ-14
    1.48870e+01    2.59548e+01    4.30858e+01    2.58204e+00    1.42476e+01
     Coulomb-14        LJ (SR)   Coulomb (SR) Position Rest.      Potential
    1.96008e+02   -5.63031e+00   -3.31768e+02    6.32244e+00   -3.43113e+01
    Kinetic En.   Total Energy  Conserved En.    Temperature Pressure (bar)
    6.06216e+01    2.63103e+01   -1.29921e+01    2.85925e+02   -2.80115e+00
   Constr. rmsd
    1.45849e-06

           Step           Time
          49000       49.00000

   Energies (kJ/mol)
           Bond          Angle    Proper Dih. Per. Imp. Dih.          LJ-14
    9.94023e+00    4.68204e+01    4.79503e+01    1.56162e+00    9.65779e+00
     Coulomb-14        LJ (SR)   Coulomb (SR) Position Rest.      Potential
    1.90038e+02   -7.28586e+00   -3.32831e+02    2.24745e+00   -3.19007e+01
    Kinetic En.   Total Energy  Conserved En.    Temperature Pressure (bar)
    5.00801e+01    1.81793e+01   -1.15686e+01    2.36206e+02    6.55845e-01
   Constr. rmsd
    1.32545e-06

           Step           Time
          49500       49.50000

   Energies (kJ/mol)
           Bond          Angle    Proper Dih. Per. Imp. Dih.          LJ-14
    1.00159e+01    2.05721e+01    5.24486e+01    1.58538e+00    1.15268e+01
     Coulomb-14        LJ (SR)   Coulomb (SR) Position Rest.      Potential
    1.91222e+02   -4.11789e+00   -3.32654e+02    4.88627e+00   -4.45143e+01
    Kinetic En.   Total Energy  Conserved En.    Temperature Pressure (bar)
    4.61469e+01    1.63255e+00   -1.20558e+01    2.17655e+02   -1.64272e+00
   Constr. rmsd
    1.44605e-06

           Step           Time
          50000       50.00000

Writing checkpoint, step 50000 at Tue Jul 16 19:09:25 2024


   Energies (kJ/mol)
           Bond          Angle    Proper Dih. Per. Imp. Dih.          LJ-14
    1.45879e+01    3.66164e+01    5.38527e+01    1.71414e-01    1.80699e+01
     Coulomb-14        LJ (SR)   Coulomb (SR) Position Rest.      Potential
    1.83950e+02   -4.00281e+00   -3.30651e+02    3.23046e+00   -2.41748e+01
    Kinetic En.   Total Energy  Conserved En.    Temperature Pressure (bar)
    5.82697e+01    3.40949e+01   -1.15437e+01    2.74833e+02    1.25973e-01
   Constr. rmsd
    1.34144e-06


Energy conservation over simulation part #1 of length 50 ps, time 0 to 50 ps
  Conserved energy drift: 4.94e-03 kJ/mol/ps per atom


	<======  ###############  ==>
	<====  A V E R A G E S  ====>
	<==  ###############  ======>

	Statistics over 50001 steps using 501 frames

   Energies (kJ/mol)
           Bond          Angle    Proper Dih. Per. Imp. Dih.          LJ-14
    1.42936e+01    3.90394e+01    4.95543e+01    2.57319e+00    1.32217e+01
     Coulomb-14        LJ (SR)   Coulomb (SR) Position Rest.      Potential
    1.89418e+02   -1.87085e+00   -3.38729e+02    3.55388e+00   -2.89458e+01
    Kinetic En.   Total Energy  Conserved En.    Temperature Pressure (bar)
    6.36054e+01    3.46596e+01   -1.46972e+01    2.99999e+02   -1.35235e-01
   Constr. rmsd
    0.00000e+00

   Total Virial (kJ/mol)
    2.32378e+01    2.96718e+00    6.03477e+00
    2.96721e+00    2.41041e+01   -1.26899e+00
    6.03480e+00   -1.26897e+00    3.13194e+01

   Pressure (bar)
   -9.46183e-02   -8.75165e-02   -1.47516e-01
   -8.75173e-02   -6.21678e-02    5.42957e-02
   -1.47517e-01    5.42953e-02   -2.48918e-01


	M E G A - F L O P S   A C C O U N T I N G

 NB=Group-cutoff nonbonded kernels    NxN=N-by-N cluster Verlet kernels
 RF=Reaction-Field  VdW=Van der Waals  QSTab=quadratic-spline table
 W3=SPC/TIP3p  W4=TIP4p (single or pairs)
 V&F=Potential and force  V=Potential only  F=Force only

 Computing:                               M-Number         M-Flops  % Flops
-----------------------------------------------------------------------------
 Pair Search distance check               0.425340           3.828     0.2
 NxN RF Elec. + LJ [F]                   18.216000         692.208    38.1
 NxN RF Elec. + LJ [V&F]                  0.184368           9.956     0.5
 NxN RF Electrostatics [F]                0.792000          24.552     1.4
 NxN RF Electrostatics [V&F]              0.008016           0.289     0.0
 1,4 nonbonded interactions               2.050041         184.504    10.1
 Shift-X                                  0.027522           0.165     0.0
 Bonds                                    0.450009          26.551     1.5
 Angles                                   1.800036         302.406    16.6
 Propers                                  1.900038         435.109    23.9
 Impropers                                0.200004          41.601     2.3
 Pos. Restr.                              0.500010          25.000     1.4
 Virial                                   0.033567           0.604     0.0
 Stop-CM                                  0.011044           0.110     0.0
 Calc-Ekin                                0.110044           2.971     0.2
 Lincs                                    0.600036          36.002     2.0
 Lincs-Mat                                5.400324          21.601     1.2
 Constraint-V                             1.200048          10.800     0.6
 Constraint-Vir                           0.006012           0.144     0.0
-----------------------------------------------------------------------------
 Total                                                    1818.402   100.0
-----------------------------------------------------------------------------


      R E A L   C Y C L E   A N D   T I M E   A C C O U N T I N G

On 1 MPI rank, each using 16 OpenMP threads

 Activity:              Num   Num      Call    Wall time         Giga-Cycles
                        Ranks Threads  Count      (s)         total sum    %
--------------------------------------------------------------------------------
 Neighbor search           1   16       1251       0.017          0.820   1.3
 Force                     1   16      50001       0.491         23.508  37.4
 NB X/F buffer ops.        1   16      98751       0.275         13.180  21.0
 Write traj.               1   16        101       0.010          0.500   0.8
 Update                    1   16      50001       0.197          9.455  15.0
 Constraints               1   16      50003       0.229         10.968  17.4
 Rest                                              0.093          4.465   7.1
--------------------------------------------------------------------------------
 Total                                             1.313         62.896 100.0
--------------------------------------------------------------------------------

               Core t (s)   Wall t (s)        (%)
       Time:       21.013        1.313     1599.9
                 (ns/day)    (hour/ns)
Performance:     3289.184        0.007
Finished mdrun on rank 0 Tue Jul 16 19:09:25 2024

